// Jest Snapshot v1, https://goo.gl/fbAQLP

exports[`<ChoroplethMap/> should render and match snapshot 1`] = `null`;
